// Vitest Snapshot v1, https://vitest.dev/guide/snapshot.html

exports[`matches snapshot 1`] = `
<DocumentFragment>
  <div
    class="z-[-1] absolute inset-0 blur-3xl bg-linear-to-r from-emerald-900 from-0% to-emerald-800 to-100%"
  />
</DocumentFragment>
`;
